[0.000000] (-) TimerEvent: {}
[0.000105] (-) JobUnselected: {'identifier': 'usv_gazebo_plugins'}
[0.000126] (-) JobUnselected: {'identifier': 'usv_msgs'}
[0.000139] (-) JobUnselected: {'identifier': 'vrx_gazebo'}
[0.000152] (-) JobUnselected: {'identifier': 'wamv_description'}
[0.000176] (-) JobUnselected: {'identifier': 'wamv_gazebo'}
[0.000188] (-) JobUnselected: {'identifier': 'wave_gazebo_plugins'}
[0.000203] (wave_gazebo) JobQueued: {'identifier': 'wave_gazebo', 'dependencies': OrderedDict([('wave_gazebo_plugins', '/home/ruize/dev_ws/install/wave_gazebo_plugins')])}
[0.000220] (wave_gazebo) JobStarted: {'identifier': 'wave_gazebo'}
[0.012000] (wave_gazebo) JobProgress: {'identifier': 'wave_gazebo', 'progress': 'cmake'}
[0.013069] (wave_gazebo) JobProgress: {'identifier': 'wave_gazebo', 'progress': 'build'}
[0.013117] (wave_gazebo) Command: {'cmd': ['/usr/bin/cmake', '--build', '/home/ruize/dev_ws/build/wave_gazebo', '--', '-j4', '-l4'], 'cwd': '/home/ruize/dev_ws/build/wave_gazebo', 'env': OrderedDict([('GJS_DEBUG_TOPICS', 'JS ERROR;JS LOG'), ('LESSOPEN', '| /usr/bin/lesspipe %s'), ('SDKMAN_VERSION', '5.11.0+644'), ('LANGUAGE', 'en_CA:en'), ('USER', 'ruize'), ('SSH_AGENT_PID', '1585'), ('XDG_SESSION_TYPE', 'x11'), ('SHLVL', '1'), ('LD_LIBRARY_PATH', '/home/ruize/dev_ws/install/wave_gazebo_plugins/lib:/home/ruize/dev_ws/install/usv_gazebo_plugins/lib:/home/ruize/dev_ws/install/usv_msgs/lib:/home/ruize/px4_ros_com_ros2/install/px4_ros_com/lib:/home/ruize/px4_ros_com_ros2/install/px4_msgs/lib:/usr/lib/x86_64-linux-gnu/gazebo-11/plugins:/opt/ros/foxy/opt/yaml_cpp_vendor/lib:/opt/ros/foxy/opt/rviz_ogre_vendor/lib:/opt/ros/foxy/lib/x86_64-linux-gnu:/opt/ros/foxy/lib'), ('HOME', '/home/ruize'), ('OLDPWD', '/home/ruize'), ('DESKTOP_SESSION', 'ubuntu'), ('GIO_LAUNCHED_DESKTOP_FILE', '/usr/share/applications/terminator.desktop'), ('ROS_PYTHON_VERSION', '3'), ('GNOME_SHELL_SESSION_MODE', 'ubuntu'), ('GRADLE_HOME', '/home/ruize/.sdkman/candidates/gradle/current'), ('GTK_MODULES', 'gail:atk-bridge'), ('MANAGERPID', '1362'), ('DBUS_SESSION_BUS_ADDRESS', 'unix:path=/run/user/1000/bus'), ('COLORTERM', 'truecolor'), ('TERMINATOR_DBUS_NAME', 'net.tenshu.Terminator21a9d5db22c73a993ff0b42f64b396873'), ('GIO_LAUNCHED_DESKTOP_FILE_PID', '3792'), ('IM_CONFIG_PHASE', '1'), ('COLCON_PREFIX_PATH', '/home/ruize/dev_ws/install:/home/ruize/px4_ros_com_ros2/install'), ('ROS_DISTRO', 'foxy'), ('LOGNAME', 'ruize'), ('SDKMAN_CANDIDATES_API', 'https://api.sdkman.io/2'), ('JOURNAL_STREAM', '8:33474'), ('_', '/usr/bin/colcon'), ('ROS_VERSION', '2'), ('XDG_SESSION_CLASS', 'user'), ('USERNAME', 'ruize'), ('TERM', 'xterm-256color'), ('GNOME_DESKTOP_SESSION_ID', 'this-is-deprecated'), ('ROS_LOCALHOST_ONLY', '0'), ('WINDOWPATH', '2'), ('PATH', '/home/ruize/px4_ros_com_ros2/install/px4_ros_com/bin:/opt/ros/foxy/bin:/home/ruize/.sdkman/candidates/gradle/current/bin:/opt/gcc-arm-none-eabi-9-2020-q2-update/bin:/home/ruize/.local/bin:/usr/local/sbin:/usr/local/bin:/usr/sbin:/usr/bin:/sbin:/bin:/usr/games:/usr/local/games:/snap/bin'), ('SESSION_MANAGER', 'local/ruize-VirtualBox:@/tmp/.ICE-unix/1660,unix/ruize-VirtualBox:/tmp/.ICE-unix/1660'), ('SDKMAN_CANDIDATES_DIR', '/home/ruize/.sdkman/candidates'), ('INVOCATION_ID', '65a73f32f0b24c8aa1f0828ef9e73a02'), ('XDG_MENU_PREFIX', 'gnome-'), ('XDG_RUNTIME_DIR', '/run/user/1000'), ('DISPLAY', ':0'), ('TERMINATOR_DBUS_PATH', '/net/tenshu/Terminator2'), ('LANG', 'en_US.UTF-8'), ('XDG_CURRENT_DESKTOP', 'ubuntu:GNOME'), ('XMODIFIERS', '@im=ibus'), ('XDG_SESSION_DESKTOP', 'ubuntu'), ('XAUTHORITY', '/run/user/1000/gdm/Xauthority'), ('LS_COLORS', 'rs=0:di=01;34:ln=01;36:mh=00:pi=40;33:so=01;35:do=01;35:bd=40;33;01:cd=40;33;01:or=40;31;01:mi=00:su=37;41:sg=30;43:ca=30;41:tw=30;42:ow=34;42:st=37;44:ex=01;32:*.tar=01;31:*.tgz=01;31:*.arc=01;31:*.arj=01;31:*.taz=01;31:*.lha=01;31:*.lz4=01;31:*.lzh=01;31:*.lzma=01;31:*.tlz=01;31:*.txz=01;31:*.tzo=01;31:*.t7z=01;31:*.zip=01;31:*.z=01;31:*.dz=01;31:*.gz=01;31:*.lrz=01;31:*.lz=01;31:*.lzo=01;31:*.xz=01;31:*.zst=01;31:*.tzst=01;31:*.bz2=01;31:*.bz=01;31:*.tbz=01;31:*.tbz2=01;31:*.tz=01;31:*.deb=01;31:*.rpm=01;31:*.jar=01;31:*.war=01;31:*.ear=01;31:*.sar=01;31:*.rar=01;31:*.alz=01;31:*.ace=01;31:*.zoo=01;31:*.cpio=01;31:*.7z=01;31:*.rz=01;31:*.cab=01;31:*.wim=01;31:*.swm=01;31:*.dwm=01;31:*.esd=01;31:*.jpg=01;35:*.jpeg=01;35:*.mjpg=01;35:*.mjpeg=01;35:*.gif=01;35:*.bmp=01;35:*.pbm=01;35:*.pgm=01;35:*.ppm=01;35:*.tga=01;35:*.xbm=01;35:*.xpm=01;35:*.tif=01;35:*.tiff=01;35:*.png=01;35:*.svg=01;35:*.svgz=01;35:*.mng=01;35:*.pcx=01;35:*.mov=01;35:*.mpg=01;35:*.mpeg=01;35:*.m2v=01;35:*.mkv=01;35:*.webm=01;35:*.ogm=01;35:*.mp4=01;35:*.m4v=01;35:*.mp4v=01;35:*.vob=01;35:*.qt=01;35:*.nuv=01;35:*.wmv=01;35:*.asf=01;35:*.rm=01;35:*.rmvb=01;35:*.flc=01;35:*.avi=01;35:*.fli=01;35:*.flv=01;35:*.gl=01;35:*.dl=01;35:*.xcf=01;35:*.xwd=01;35:*.yuv=01;35:*.cgm=01;35:*.emf=01;35:*.ogv=01;35:*.ogx=01;35:*.aac=00;36:*.au=00;36:*.flac=00;36:*.m4a=00;36:*.mid=00;36:*.midi=00;36:*.mka=00;36:*.mp3=00;36:*.mpc=00;36:*.ogg=00;36:*.ra=00;36:*.wav=00;36:*.oga=00;36:*.opus=00;36:*.spx=00;36:*.xspf=00;36:'), ('SDKMAN_DIR', '/home/ruize/.sdkman'), ('SDKMAN_PLATFORM', 'LinuxX64'), ('SSH_AUTH_SOCK', '/run/user/1000/keyring/ssh'), ('AMENT_PREFIX_PATH', '/home/ruize/dev_ws/install/wave_gazebo:/home/ruize/dev_ws/install/wamv_gazebo:/home/ruize/dev_ws/install/usv_gazebo_plugins:/home/ruize/dev_ws/install/wave_gazebo_plugins:/home/ruize/dev_ws/install/wamv_description:/home/ruize/dev_ws/install/vrx_gazebo:/home/ruize/dev_ws/install/usv_msgs:/home/ruize/px4_ros_com_ros2/install/px4_ros_com:/home/ruize/px4_ros_com_ros2/install/px4_msgs:/opt/ros/foxy'), ('SHELL', '/bin/bash'), ('TERMINATOR_UUID', 'urn:uuid:fb817c02-1648-4fed-80bc-8656833e97a0'), ('QT_ACCESSIBILITY', '1'), ('GDMSESSION', 'ubuntu'), ('LESSCLOSE', '/usr/bin/lesspipe %s %s'), ('GPG_AGENT_INFO', '/run/user/1000/gnupg/S.gpg-agent:0:1'), ('GJS_DEBUG_OUTPUT', 'stderr'), ('QT_IM_MODULE', 'ibus'), ('PWD', '/home/ruize/dev_ws/build/wave_gazebo'), ('LC_ALL', 'en_US.UTF-8'), ('XDG_CONFIG_DIRS', '/etc/xdg/xdg-ubuntu:/etc/xdg'), ('XDG_DATA_DIRS', '/usr/share/ubuntu:/usr/local/share/:/usr/share/:/var/lib/snapd/desktop'), ('PYTHONPATH', '/home/ruize/dev_ws/install/usv_msgs/lib/python3.8/site-packages:/home/ruize/px4_ros_com_ros2/install/px4_msgs/lib/python3.8/site-packages:/opt/ros/foxy/lib/python3.8/site-packages'), ('COLCON', '1'), ('VTE_VERSION', '6003'), ('CMAKE_PREFIX_PATH', '/home/ruize/dev_ws/install/wave_gazebo_plugins:/home/ruize/dev_ws/install/wave_gazebo:/home/ruize/dev_ws/install/wamv_gazebo:/home/ruize/dev_ws/install/usv_gazebo_plugins:/home/ruize/dev_ws/install/wamv_description:/home/ruize/dev_ws/install/vrx_gazebo:/home/ruize/dev_ws/install/usv_msgs:/home/ruize/px4_ros_com_ros2/install/px4_ros_com:/home/ruize/px4_ros_com_ros2/install/px4_msgs')]), 'shell': False}
[0.049661] (wave_gazebo) StdoutLine: {'line': b'-- Found xacro: 2.0.4 (/opt/ros/foxy/share/xacro/cmake)\n'}
[0.053979] (wave_gazebo) StdoutLine: {'line': b'-- Found gazebo_ros: 3.5.0 (/opt/ros/foxy/share/gazebo_ros/cmake)\n'}
[0.077923] (wave_gazebo) StdoutLine: {'line': b'-- Using PYTHON_EXECUTABLE: /usr/bin/python3\n'}
[0.099582] (-) TimerEvent: {}
[0.200228] (-) TimerEvent: {}
[0.300801] (-) TimerEvent: {}
[0.318252] (wave_gazebo) StdoutLine: {'line': b'-- Using all available rosidl_typesupport_c: rosidl_typesupport_fastrtps_c;rosidl_typesupport_introspection_c\n'}
[0.331063] (wave_gazebo) StdoutLine: {'line': b'-- Found rosidl_adapter: 1.2.0 (/opt/ros/foxy/share/rosidl_adapter/cmake)\n'}
[0.401070] (-) TimerEvent: {}
[0.407802] (wave_gazebo) StdoutLine: {'line': b'-- Found OpenSSL: /usr/lib/x86_64-linux-gnu/libcrypto.so (found version "1.1.1f")  \n'}
[0.434547] (wave_gazebo) StdoutLine: {'line': b'-- Found FastRTPS: /opt/ros/foxy/include  \n'}
[0.501877] (-) TimerEvent: {}
[0.516711] (wave_gazebo) StdoutLine: {'line': b'-- Using all available rosidl_typesupport_cpp: rosidl_typesupport_fastrtps_cpp;rosidl_typesupport_introspection_cpp\n'}
[0.585643] (wave_gazebo) StdoutLine: {'line': b'-- Found rmw_implementation_cmake: 1.0.2 (/opt/ros/foxy/share/rmw_implementation_cmake/cmake)\n'}
[0.588421] (wave_gazebo) StdoutLine: {'line': b"-- Using RMW implementation 'rmw_fastrtps_cpp' as default\n"}
[0.590713] (wave_gazebo) StdoutLine: {'line': b'-- Looking for pthread.h\n'}
[0.603245] (-) TimerEvent: {}
[0.703980] (-) TimerEvent: {}
[0.804477] (-) TimerEvent: {}
[0.859418] (wave_gazebo) StdoutLine: {'line': b'-- Looking for pthread.h - found\n'}
[0.859578] (wave_gazebo) StdoutLine: {'line': b'-- Performing Test CMAKE_HAVE_LIBC_PTHREAD\n'}
[0.904901] (-) TimerEvent: {}
[0.934038] (wave_gazebo) StdoutLine: {'line': b'-- Performing Test CMAKE_HAVE_LIBC_PTHREAD - Failed\n'}
[0.934188] (wave_gazebo) StdoutLine: {'line': b'-- Looking for pthread_create in pthreads\n'}
[0.997943] (wave_gazebo) StdoutLine: {'line': b'-- Looking for pthread_create in pthreads - not found\n'}
[0.998170] (wave_gazebo) StdoutLine: {'line': b'-- Looking for pthread_create in pthread\n'}
[1.008336] (-) TimerEvent: {}
[1.070034] (wave_gazebo) StdoutLine: {'line': b'-- Looking for pthread_create in pthread - found\n'}
[1.070232] (wave_gazebo) StdoutLine: {'line': b'-- Found Threads: TRUE  \n'}
[1.108784] (-) TimerEvent: {}
[1.209405] (-) TimerEvent: {}
[1.238921] (wave_gazebo) StdoutLine: {'line': b'-- Found PkgConfig: /usr/bin/pkg-config (found version "0.29.1") \n'}
[1.240250] (wave_gazebo) StdoutLine: {'line': b"-- Checking for module 'bullet>=2.82'\n"}
[1.252683] (wave_gazebo) StdoutLine: {'line': b'--   Found bullet, version 2.88\n'}
[1.310674] (-) TimerEvent: {}
[1.348204] (wave_gazebo) StdoutLine: {'line': b'-- Found ccd: /usr/include (found suitable version "2.0", minimum required is "2.0") \n'}
[1.385850] (wave_gazebo) StdoutLine: {'line': b'-- Found fcl: /usr/include (found suitable version "0.5.0", minimum required is "0.3.2") \n'}
[1.410823] (-) TimerEvent: {}
[1.422327] (wave_gazebo) StdoutLine: {'line': b'-- Found assimp: /usr/include (found version "5.0.0") \n'}
[1.458327] (wave_gazebo) StdoutLine: {'line': b'-- Found DART: /usr/include (Required is at least version "6.6") found components: dart \n'}
[1.485832] (wave_gazebo) StdoutLine: {'line': b'-- Found Boost: /usr/lib/x86_64-linux-gnu/cmake/Boost-1.71.0/BoostConfig.cmake (found suitable version "1.71.0", minimum required is "1.40.0") found components: thread system filesystem program_options regex iostreams date_time \n'}
[1.509011] (wave_gazebo) StdoutLine: {'line': b'-- Found Protobuf: /usr/lib/x86_64-linux-gnu/libprotobuf.so;-lpthread (found version "3.6.1") \n'}
[1.510959] (-) TimerEvent: {}
[1.516989] (wave_gazebo) StdoutLine: {'line': b'-- Looking for ignition-math6 -- found version 6.8.0\n'}
[1.528691] (wave_gazebo) StdoutLine: {'line': b'-- Searching for dependencies of ignition-math6\n'}
[1.531553] (wave_gazebo) StdoutLine: {'line': b'-- Looking for OGRE...\n'}
[1.532269] (wave_gazebo) StdoutLine: {'line': b'-- OGRE_PREFIX_WATCH changed.\n'}
[1.535905] (wave_gazebo) StdoutLine: {'line': b"-- Checking for module 'OGRE'\n"}
[1.547147] (wave_gazebo) StdoutLine: {'line': b'--   Found OGRE, version 1.9.0\n'}
[1.572375] (wave_gazebo) StdoutLine: {'line': b'-- Found Ogre Ghadamon (1.9.0)\n'}
[1.579430] (wave_gazebo) StdoutLine: {'line': b'-- Found OGRE: optimized;/usr/lib/x86_64-linux-gnu/libOgreMain.so;debug;/usr/lib/x86_64-linux-gnu/libOgreMain.so\n'}
[1.587364] (wave_gazebo) StdoutLine: {'line': b'-- Looking for OGRE_Paging...\n'}
[1.591721] (wave_gazebo) StdoutLine: {'line': b'-- Found OGRE_Paging: optimized;/usr/lib/x86_64-linux-gnu/libOgrePaging.so;debug;/usr/lib/x86_64-linux-gnu/libOgrePaging.so\n'}
[1.591837] (wave_gazebo) StdoutLine: {'line': b'-- Looking for OGRE_Terrain...\n'}
[1.596031] (wave_gazebo) StdoutLine: {'line': b'-- Found OGRE_Terrain: optimized;/usr/lib/x86_64-linux-gnu/libOgreTerrain.so;debug;/usr/lib/x86_64-linux-gnu/libOgreTerrain.so\n'}
[1.596136] (wave_gazebo) StdoutLine: {'line': b'-- Looking for OGRE_Property...\n'}
[1.600384] (wave_gazebo) StdoutLine: {'line': b'-- Found OGRE_Property: optimized;/usr/lib/x86_64-linux-gnu/libOgreProperty.so;debug;/usr/lib/x86_64-linux-gnu/libOgreProperty.so\n'}
[1.600487] (wave_gazebo) StdoutLine: {'line': b'-- Looking for OGRE_RTShaderSystem...\n'}
[1.604856] (wave_gazebo) StdoutLine: {'line': b'-- Found OGRE_RTShaderSystem: optimized;/usr/lib/x86_64-linux-gnu/libOgreRTShaderSystem.so;debug;/usr/lib/x86_64-linux-gnu/libOgreRTShaderSystem.so\n'}
[1.604979] (wave_gazebo) StdoutLine: {'line': b'-- Looking for OGRE_Volume...\n'}
[1.609191] (wave_gazebo) StdoutLine: {'line': b'-- Found OGRE_Volume: optimized;/usr/lib/x86_64-linux-gnu/libOgreVolume.so;debug;/usr/lib/x86_64-linux-gnu/libOgreVolume.so\n'}
[1.609334] (wave_gazebo) StdoutLine: {'line': b'-- Looking for OGRE_Overlay...\n'}
[1.611871] (-) TimerEvent: {}
[1.613621] (wave_gazebo) StdoutLine: {'line': b'-- Found OGRE_Overlay: optimized;/usr/lib/x86_64-linux-gnu/libOgreOverlay.so;debug;/usr/lib/x86_64-linux-gnu/libOgreOverlay.so\n'}
[1.701535] (wave_gazebo) StdoutLine: {'line': b'-- Looking for ignition-math6 -- found version 6.8.0\n'}
[1.707026] (wave_gazebo) StdoutLine: {'line': b'-- Looking for ignition-transport8 -- found version 8.2.0\n'}
[1.707427] (wave_gazebo) StdoutLine: {'line': b'-- Searching for dependencies of ignition-transport8\n'}
[1.712257] (-) TimerEvent: {}
[1.722135] (wave_gazebo) StdoutLine: {'line': b'-- Found Protobuf: /usr/lib/x86_64-linux-gnu/libprotobuf.so;-lpthread (found suitable version "3.6.1", minimum required is "3") \n'}
[1.732237] (wave_gazebo) StdoutLine: {'line': b'-- Config-file not installed for ZeroMQ -- checking for pkg-config\n'}
[1.735468] (wave_gazebo) StdoutLine: {'line': b"-- Checking for module 'libzmq >= 4'\n"}
[1.750583] (wave_gazebo) StdoutLine: {'line': b'--   Found libzmq , version 4.3.2\n'}
[1.775755] (wave_gazebo) StdoutLine: {'line': b'-- Found ZeroMQ: TRUE (Required is at least version "4") \n'}
[1.780696] (wave_gazebo) StdoutLine: {'line': b"-- Checking for module 'uuid'\n"}
[1.790534] (wave_gazebo) StdoutLine: {'line': b'--   Found uuid, version 2.34.0\n'}
[1.812344] (-) TimerEvent: {}
[1.813663] (wave_gazebo) StdoutLine: {'line': b'-- Found UUID: TRUE  \n'}
[1.817544] (wave_gazebo) StdoutLine: {'line': b'-- Looking for ignition-msgs5 -- found version 5.7.0\n'}
[1.817829] (wave_gazebo) StdoutLine: {'line': b'-- Searching for dependencies of ignition-msgs5\n'}
[1.832701] (wave_gazebo) StdoutLine: {'line': b'-- Looking for ignition-math6 -- found version 6.8.0\n'}
[1.836466] (wave_gazebo) StdoutLine: {'line': b"-- Checking for module 'tinyxml2'\n"}
[1.847957] (wave_gazebo) StdoutLine: {'line': b'--   Found tinyxml2, version 6.2.0\n'}
[1.875501] (wave_gazebo) StdoutLine: {'line': b'-- Looking for ignition-msgs5 -- found version 5.7.0\n'}
[1.881229] (wave_gazebo) StdoutLine: {'line': b'-- Looking for ignition-common3 -- found version 3.11.1\n'}
[1.881569] (wave_gazebo) StdoutLine: {'line': b'-- Searching for dependencies of ignition-common3\n'}
[1.882260] (wave_gazebo) StdoutLine: {'line': b'-- Looking for dlfcn.h - found\n'}
[1.883000] (wave_gazebo) StdoutLine: {'line': b'-- Looking for libdl - found\n'}
[1.884252] (wave_gazebo) StdoutLine: {'line': b'-- Found DL: TRUE  \n'}
[1.890068] (wave_gazebo) StdoutLine: {'line': b'-- Searching for <ignition-common3> component [graphics]\n'}
[1.892948] (wave_gazebo) StdoutLine: {'line': b'-- Looking for ignition-common3-graphics -- found version 3.11.1\n'}
[1.893337] (wave_gazebo) StdoutLine: {'line': b'-- Searching for dependencies of ignition-common3-graphics\n'}
[1.893548] (wave_gazebo) StdoutLine: {'line': b'-- Looking for ignition-math6 -- found version 6.8.0\n'}
[1.898420] (wave_gazebo) StdoutLine: {'line': b'-- Looking for ignition-fuel_tools4 -- found version 4.3.0\n'}
[1.898817] (wave_gazebo) StdoutLine: {'line': b'-- Searching for dependencies of ignition-fuel_tools4\n'}
[1.912546] (-) TimerEvent: {}
[1.947850] (wave_gazebo) StdoutLine: {'line': b'-- Found CURL: /usr/lib/x86_64-linux-gnu/libcurl.so (found version "7.68.0")  \n'}
[1.956136] (wave_gazebo) StdoutLine: {'line': b"-- Checking for module 'jsoncpp'\n"}
[1.968225] (wave_gazebo) StdoutLine: {'line': b'--   Found jsoncpp, version 1.7.4\n'}
[1.992833] (wave_gazebo) StdoutLine: {'line': b'-- Found JSONCPP: TRUE  \n'}
[1.998228] (wave_gazebo) StdoutLine: {'line': b"-- Checking for module 'libzip'\n"}
[2.008451] (wave_gazebo) StdoutLine: {'line': b'--   Found libzip, version 1.5.1\n'}
[2.012965] (-) TimerEvent: {}
[2.032575] (wave_gazebo) StdoutLine: {'line': b'-- Found ZIP: TRUE  \n'}
[2.033718] (wave_gazebo) StdoutLine: {'line': b'-- Looking for ignition-common3 -- found version 3.11.1\n'}
[2.034605] (wave_gazebo) StdoutLine: {'line': b'-- Looking for ignition-msgs5 -- found version 5.7.0\n'}
[2.036977] (wave_gazebo) StdoutLine: {'line': b'-- Gazebo version: 11.3\n'}
[2.042590] (wave_gazebo) StdoutLine: {'line': b'-- Found wave_gazebo_plugins: 1.3.0 (/home/ruize/dev_ws/install/wave_gazebo_plugins/share/wave_gazebo_plugins/cmake)\n'}
[2.053994] (wave_gazebo) StdoutLine: {'line': b'-- xacro: determining deps for: worlds/ocean.world.xacro ...\n'}
[2.097752] (wave_gazebo) StdoutLine: {'line': b'-- xacro: determining deps for: worlds/ocean_buoys.world.xacro ...\n'}
[2.113320] (-) TimerEvent: {}
[2.141582] (wave_gazebo) StdoutLine: {'line': b'-- xacro: determining deps for: worlds/ocean_wamv.world.xacro ...\n'}
[2.190496] (wave_gazebo) StdoutLine: {'line': b'-- Found ament_lint_auto: 0.9.6 (/opt/ros/foxy/share/ament_lint_auto/cmake)\n'}
[2.214040] (-) TimerEvent: {}
[2.230981] (wave_gazebo) StderrLine: {'line': b"Error parsing '/home/ruize/dev_ws/src/wave_gazebo/package.xml':\n"}
[2.314153] (-) TimerEvent: {}
[2.327255] (wave_gazebo) StderrLine: {'line': b'Traceback (most recent call last):\n'}
[2.327418] (wave_gazebo) StderrLine: {'line': b'  File "/usr/lib/python3/dist-packages/catkin_pkg/package.py", line 596, in parse_package_string\n'}
[2.327467] (wave_gazebo) StderrLine: {'line': b'    root = dom.parseString(data)\n'}
[2.327511] (wave_gazebo) StderrLine: {'line': b'  File "/usr/lib/python3.8/xml/dom/minidom.py", line 1969, in parseString\n'}
[2.327555] (wave_gazebo) StderrLine: {'line': b'    return expatbuilder.parseString(string)\n'}
[2.327598] (wave_gazebo) StderrLine: {'line': b'  File "/usr/lib/python3.8/xml/dom/expatbuilder.py", line 925, in parseString\n'}
[2.327641] (wave_gazebo) StderrLine: {'line': b'    return builder.parseString(string)\n'}
[2.327684] (wave_gazebo) StderrLine: {'line': b'  File "/usr/lib/python3.8/xml/dom/expatbuilder.py", line 223, in parseString\n'}
[2.327726] (wave_gazebo) StderrLine: {'line': b'    parser.Parse(string, True)\n'}
[2.327769] (wave_gazebo) StderrLine: {'line': b'xml.parsers.expat.ExpatError: mismatched tag: line 17, column 31\n'}
[2.327812] (wave_gazebo) StderrLine: {'line': b'\n'}
[2.327854] (wave_gazebo) StderrLine: {'line': b'During handling of the above exception, another exception occurred:\n'}
[2.327896] (wave_gazebo) StderrLine: {'line': b'\n'}
[2.327939] (wave_gazebo) StderrLine: {'line': b'Traceback (most recent call last):\n'}
[2.327982] (wave_gazebo) StderrLine: {'line': b'  File "/opt/ros/foxy/share/ament_cmake_core/cmake/core/package_xml_2_cmake.py", line 143, in <module>\n'}
[2.328025] (wave_gazebo) StderrLine: {'line': b'    main()\n'}
[2.328075] (wave_gazebo) StderrLine: {'line': b'  File "/opt/ros/foxy/share/ament_cmake_core/cmake/core/package_xml_2_cmake.py", line 52, in main\n'}
[2.328123] (wave_gazebo) StderrLine: {'line': b'    raise e\n'}
[2.328167] (wave_gazebo) StderrLine: {'line': b'  File "/opt/ros/foxy/share/ament_cmake_core/cmake/core/package_xml_2_cmake.py", line 48, in main\n'}
[2.328210] (wave_gazebo) StderrLine: {'line': b'    package = parse_package_string(\n'}
[2.328263] (wave_gazebo) StderrLine: {'line': b'  File "/usr/lib/python3/dist-packages/catkin_pkg/package.py", line 598, in parse_package_string\n'}
[2.328319] (wave_gazebo) StderrLine: {'line': b"    raise InvalidPackage('The manifest contains invalid XML:\\n%s' % ex, filename)\n"}
[2.328363] (wave_gazebo) StderrLine: {'line': b"catkin_pkg.package.InvalidPackage: Error(s) in package '/home/ruize/dev_ws/src/wave_gazebo/package.xml':\n"}
[2.328407] (wave_gazebo) StderrLine: {'line': b'The manifest contains invalid XML:\n'}
[2.328450] (wave_gazebo) StderrLine: {'line': b'mismatched tag: line 17, column 31\n'}
[2.341630] (wave_gazebo) StderrLine: {'line': b'CMake Error at /opt/ros/foxy/share/ament_cmake_core/cmake/core/ament_package_xml.cmake:94 (message):\n'}
[2.341824] (wave_gazebo) StderrLine: {'line': b'  execute_process(/usr/bin/python3\n'}
[2.341934] (wave_gazebo) StderrLine: {'line': b'  /opt/ros/foxy/share/ament_cmake_core/cmake/core/package_xml_2_cmake.py\n'}
[2.341988] (wave_gazebo) StderrLine: {'line': b'  /home/ruize/dev_ws/src/wave_gazebo/package.xml\n'}
[2.342045] (wave_gazebo) StderrLine: {'line': b'  /home/ruize/dev_ws/build/wave_gazebo/ament_cmake_core/package.cmake)\n'}
[2.342101] (wave_gazebo) StderrLine: {'line': b'  returned error code 1\n'}
[2.342145] (wave_gazebo) StderrLine: {'line': b'Call Stack (most recent call first):\n'}
[2.342186] (wave_gazebo) StderrLine: {'line': b'  /opt/ros/foxy/share/ament_cmake_core/cmake/core/ament_package_xml.cmake:49 (_ament_package_xml)\n'}
[2.342229] (wave_gazebo) StderrLine: {'line': b'  /opt/ros/foxy/share/ament_lint_auto/cmake/ament_lint_auto_find_test_dependencies.cmake:31 (ament_package_xml)\n'}
[2.342266] (wave_gazebo) StderrLine: {'line': b'  CMakeLists.txt:80 (ament_lint_auto_find_test_dependencies)\n'}
[2.342303] (wave_gazebo) StderrLine: {'line': b'\n'}
[2.342340] (wave_gazebo) StderrLine: {'line': b'\n'}
[2.343764] (wave_gazebo) StdoutLine: {'line': b'-- Configuring incomplete, errors occurred!\n'}
[2.343939] (wave_gazebo) StdoutLine: {'line': b'See also "/home/ruize/dev_ws/build/wave_gazebo/CMakeFiles/CMakeOutput.log".\n'}
[2.343994] (wave_gazebo) StdoutLine: {'line': b'See also "/home/ruize/dev_ws/build/wave_gazebo/CMakeFiles/CMakeError.log".\n'}
[2.350274] (wave_gazebo) StderrLine: {'line': b'make: *** [Makefile:250: cmake_check_build_system] Error 1\n'}
[2.351638] (wave_gazebo) CommandEnded: {'returncode': 2}
[2.352042] (wave_gazebo) JobEnded: {'identifier': 'wave_gazebo', 'rc': 2}
[2.364297] (-) EventReactorShutdown: {}
