[0.000000] (-) TimerEvent: {}
[0.000151] (-) JobUnselected: {'identifier': 'usv_gazebo_plugins'}
[0.000172] (-) JobUnselected: {'identifier': 'usv_msgs'}
[0.000189] (-) JobUnselected: {'identifier': 'vrx_gazebo'}
[0.000369] (-) JobUnselected: {'identifier': 'wamv_description'}
[0.000401] (-) JobUnselected: {'identifier': 'wamv_gazebo'}
[0.000429] (-) JobUnselected: {'identifier': 'wave_gazebo_plugins'}
[0.000441] (wave_gazebo) JobQueued: {'identifier': 'wave_gazebo', 'dependencies': OrderedDict()}
[0.000641] (wave_gazebo) JobStarted: {'identifier': 'wave_gazebo'}
[0.008437] (wave_gazebo) JobProgress: {'identifier': 'wave_gazebo', 'progress': 'cmake'}
[0.011799] (wave_gazebo) JobProgress: {'identifier': 'wave_gazebo', 'progress': 'build'}
[0.011978] (wave_gazebo) Command: {'cmd': ['/usr/bin/cmake', '--build', '/home/ruize/dev_ws/build/wave_gazebo', '--', '-j4', '-l4'], 'cwd': '/home/ruize/dev_ws/build/wave_gazebo', 'env': OrderedDict([('GJS_DEBUG_TOPICS', 'JS ERROR;JS LOG'), ('LESSOPEN', '| /usr/bin/lesspipe %s'), ('SDKMAN_VERSION', '5.11.0+644'), ('LANGUAGE', 'en_CA:en'), ('USER', 'ruize'), ('SSH_AGENT_PID', '1585'), ('XDG_SESSION_TYPE', 'x11'), ('SHLVL', '1'), ('LD_LIBRARY_PATH', '/home/ruize/dev_ws/install/usv_gazebo_plugins/lib:/home/ruize/dev_ws/install/wave_gazebo_plugins/lib:/home/ruize/dev_ws/install/usv_msgs/lib:/home/ruize/px4_ros_com_ros2/install/px4_ros_com/lib:/home/ruize/px4_ros_com_ros2/install/px4_msgs/lib:/usr/lib/x86_64-linux-gnu/gazebo-11/plugins:/opt/ros/foxy/opt/yaml_cpp_vendor/lib:/opt/ros/foxy/opt/rviz_ogre_vendor/lib:/opt/ros/foxy/lib/x86_64-linux-gnu:/opt/ros/foxy/lib'), ('HOME', '/home/ruize'), ('OLDPWD', '/home/ruize'), ('DESKTOP_SESSION', 'ubuntu'), ('GIO_LAUNCHED_DESKTOP_FILE', '/usr/share/applications/terminator.desktop'), ('ROS_PYTHON_VERSION', '3'), ('GNOME_SHELL_SESSION_MODE', 'ubuntu'), ('GRADLE_HOME', '/home/ruize/.sdkman/candidates/gradle/current'), ('GTK_MODULES', 'gail:atk-bridge'), ('MANAGERPID', '1362'), ('DBUS_SESSION_BUS_ADDRESS', 'unix:path=/run/user/1000/bus'), ('COLORTERM', 'truecolor'), ('TERMINATOR_DBUS_NAME', 'net.tenshu.Terminator21a9d5db22c73a993ff0b42f64b396873'), ('GIO_LAUNCHED_DESKTOP_FILE_PID', '3792'), ('IM_CONFIG_PHASE', '1'), ('COLCON_PREFIX_PATH', '/home/ruize/dev_ws/install:/home/ruize/px4_ros_com_ros2/install'), ('ROS_DISTRO', 'foxy'), ('LOGNAME', 'ruize'), ('SDKMAN_CANDIDATES_API', 'https://api.sdkman.io/2'), ('JOURNAL_STREAM', '8:33474'), ('_', '/usr/bin/colcon'), ('ROS_VERSION', '2'), ('XDG_SESSION_CLASS', 'user'), ('USERNAME', 'ruize'), ('TERM', 'xterm-256color'), ('GNOME_DESKTOP_SESSION_ID', 'this-is-deprecated'), ('ROS_LOCALHOST_ONLY', '0'), ('WINDOWPATH', '2'), ('PATH', '/home/ruize/px4_ros_com_ros2/install/px4_ros_com/bin:/opt/ros/foxy/bin:/home/ruize/.sdkman/candidates/gradle/current/bin:/opt/gcc-arm-none-eabi-9-2020-q2-update/bin:/home/ruize/.local/bin:/usr/local/sbin:/usr/local/bin:/usr/sbin:/usr/bin:/sbin:/bin:/usr/games:/usr/local/games:/snap/bin'), ('SESSION_MANAGER', 'local/ruize-VirtualBox:@/tmp/.ICE-unix/1660,unix/ruize-VirtualBox:/tmp/.ICE-unix/1660'), ('SDKMAN_CANDIDATES_DIR', '/home/ruize/.sdkman/candidates'), ('INVOCATION_ID', '65a73f32f0b24c8aa1f0828ef9e73a02'), ('XDG_MENU_PREFIX', 'gnome-'), ('XDG_RUNTIME_DIR', '/run/user/1000'), ('DISPLAY', ':0'), ('TERMINATOR_DBUS_PATH', '/net/tenshu/Terminator2'), ('LANG', 'en_US.UTF-8'), ('XDG_CURRENT_DESKTOP', 'ubuntu:GNOME'), ('XMODIFIERS', '@im=ibus'), ('XDG_SESSION_DESKTOP', 'ubuntu'), ('XAUTHORITY', '/run/user/1000/gdm/Xauthority'), ('LS_COLORS', 'rs=0:di=01;34:ln=01;36:mh=00:pi=40;33:so=01;35:do=01;35:bd=40;33;01:cd=40;33;01:or=40;31;01:mi=00:su=37;41:sg=30;43:ca=30;41:tw=30;42:ow=34;42:st=37;44:ex=01;32:*.tar=01;31:*.tgz=01;31:*.arc=01;31:*.arj=01;31:*.taz=01;31:*.lha=01;31:*.lz4=01;31:*.lzh=01;31:*.lzma=01;31:*.tlz=01;31:*.txz=01;31:*.tzo=01;31:*.t7z=01;31:*.zip=01;31:*.z=01;31:*.dz=01;31:*.gz=01;31:*.lrz=01;31:*.lz=01;31:*.lzo=01;31:*.xz=01;31:*.zst=01;31:*.tzst=01;31:*.bz2=01;31:*.bz=01;31:*.tbz=01;31:*.tbz2=01;31:*.tz=01;31:*.deb=01;31:*.rpm=01;31:*.jar=01;31:*.war=01;31:*.ear=01;31:*.sar=01;31:*.rar=01;31:*.alz=01;31:*.ace=01;31:*.zoo=01;31:*.cpio=01;31:*.7z=01;31:*.rz=01;31:*.cab=01;31:*.wim=01;31:*.swm=01;31:*.dwm=01;31:*.esd=01;31:*.jpg=01;35:*.jpeg=01;35:*.mjpg=01;35:*.mjpeg=01;35:*.gif=01;35:*.bmp=01;35:*.pbm=01;35:*.pgm=01;35:*.ppm=01;35:*.tga=01;35:*.xbm=01;35:*.xpm=01;35:*.tif=01;35:*.tiff=01;35:*.png=01;35:*.svg=01;35:*.svgz=01;35:*.mng=01;35:*.pcx=01;35:*.mov=01;35:*.mpg=01;35:*.mpeg=01;35:*.m2v=01;35:*.mkv=01;35:*.webm=01;35:*.ogm=01;35:*.mp4=01;35:*.m4v=01;35:*.mp4v=01;35:*.vob=01;35:*.qt=01;35:*.nuv=01;35:*.wmv=01;35:*.asf=01;35:*.rm=01;35:*.rmvb=01;35:*.flc=01;35:*.avi=01;35:*.fli=01;35:*.flv=01;35:*.gl=01;35:*.dl=01;35:*.xcf=01;35:*.xwd=01;35:*.yuv=01;35:*.cgm=01;35:*.emf=01;35:*.ogv=01;35:*.ogx=01;35:*.aac=00;36:*.au=00;36:*.flac=00;36:*.m4a=00;36:*.mid=00;36:*.midi=00;36:*.mka=00;36:*.mp3=00;36:*.mpc=00;36:*.ogg=00;36:*.ra=00;36:*.wav=00;36:*.oga=00;36:*.opus=00;36:*.spx=00;36:*.xspf=00;36:'), ('SDKMAN_DIR', '/home/ruize/.sdkman'), ('SDKMAN_PLATFORM', 'LinuxX64'), ('SSH_AUTH_SOCK', '/run/user/1000/keyring/ssh'), ('AMENT_PREFIX_PATH', '/home/ruize/dev_ws/install/wave_gazebo:/home/ruize/dev_ws/install/wamv_gazebo:/home/ruize/dev_ws/install/usv_gazebo_plugins:/home/ruize/dev_ws/install/wave_gazebo_plugins:/home/ruize/dev_ws/install/wamv_description:/home/ruize/dev_ws/install/vrx_gazebo:/home/ruize/dev_ws/install/usv_msgs:/home/ruize/px4_ros_com_ros2/install/px4_ros_com:/home/ruize/px4_ros_com_ros2/install/px4_msgs:/opt/ros/foxy'), ('SHELL', '/bin/bash'), ('TERMINATOR_UUID', 'urn:uuid:fb817c02-1648-4fed-80bc-8656833e97a0'), ('QT_ACCESSIBILITY', '1'), ('GDMSESSION', 'ubuntu'), ('LESSCLOSE', '/usr/bin/lesspipe %s %s'), ('GPG_AGENT_INFO', '/run/user/1000/gnupg/S.gpg-agent:0:1'), ('GJS_DEBUG_OUTPUT', 'stderr'), ('QT_IM_MODULE', 'ibus'), ('PWD', '/home/ruize/dev_ws/build/wave_gazebo'), ('LC_ALL', 'en_US.UTF-8'), ('XDG_CONFIG_DIRS', '/etc/xdg/xdg-ubuntu:/etc/xdg'), ('XDG_DATA_DIRS', '/usr/share/ubuntu:/usr/local/share/:/usr/share/:/var/lib/snapd/desktop'), ('PYTHONPATH', '/home/ruize/dev_ws/install/usv_msgs/lib/python3.8/site-packages:/home/ruize/px4_ros_com_ros2/install/px4_msgs/lib/python3.8/site-packages:/opt/ros/foxy/lib/python3.8/site-packages'), ('COLCON', '1'), ('VTE_VERSION', '6003'), ('CMAKE_PREFIX_PATH', '/home/ruize/dev_ws/install/wave_gazebo:/home/ruize/dev_ws/install/wamv_gazebo:/home/ruize/dev_ws/install/usv_gazebo_plugins:/home/ruize/dev_ws/install/wave_gazebo_plugins:/home/ruize/dev_ws/install/wamv_description:/home/ruize/dev_ws/install/vrx_gazebo:/home/ruize/dev_ws/install/usv_msgs:/home/ruize/px4_ros_com_ros2/install/px4_ros_com:/home/ruize/px4_ros_com_ros2/install/px4_msgs')]), 'shell': False}
[0.034020] (wave_gazebo) StdoutLine: {'line': b'-- Found xacro: 2.0.4 (/opt/ros/foxy/share/xacro/cmake)\n'}
[0.034288] (wave_gazebo) StdoutLine: {'line': b'-- Found gazebo_ros: 3.5.0 (/opt/ros/foxy/share/gazebo_ros/cmake)\n'}
[0.049270] (wave_gazebo) StdoutLine: {'line': b'-- Using PYTHON_EXECUTABLE: /usr/bin/python3\n'}
[0.099362] (-) TimerEvent: {}
[0.190363] (wave_gazebo) StdoutLine: {'line': b'-- Using all available rosidl_typesupport_c: rosidl_typesupport_fastrtps_c;rosidl_typesupport_introspection_c\n'}
[0.192849] (wave_gazebo) StdoutLine: {'line': b'-- Found rosidl_adapter: 1.2.0 (/opt/ros/foxy/share/rosidl_adapter/cmake)\n'}
[0.199853] (-) TimerEvent: {}
[0.284268] (wave_gazebo) StdoutLine: {'line': b'-- Using all available rosidl_typesupport_cpp: rosidl_typesupport_fastrtps_cpp;rosidl_typesupport_introspection_cpp\n'}
[0.300130] (-) TimerEvent: {}
[0.319209] (wave_gazebo) StdoutLine: {'line': b'-- Found rmw_implementation_cmake: 1.0.2 (/opt/ros/foxy/share/rmw_implementation_cmake/cmake)\n'}
[0.320459] (wave_gazebo) StdoutLine: {'line': b"-- Using RMW implementation 'rmw_fastrtps_cpp' as default\n"}
[0.400524] (-) TimerEvent: {}
[0.463553] (wave_gazebo) StdoutLine: {'line': b'-- Found DART: /usr/include (Required is at least version "6.6") found components: dart \n'}
[0.484341] (wave_gazebo) StdoutLine: {'line': b'-- Found Protobuf: /usr/lib/x86_64-linux-gnu/libprotobuf.so;-lpthread (found version "3.6.1") \n'}
[0.485752] (wave_gazebo) StdoutLine: {'line': b'-- Looking for ignition-math6 -- found version 6.8.0\n'}
[0.488998] (wave_gazebo) StdoutLine: {'line': b'-- Searching for dependencies of ignition-math6\n'}
[0.490434] (wave_gazebo) StdoutLine: {'line': b'-- Looking for OGRE...\n'}
[0.494757] (wave_gazebo) StdoutLine: {'line': b'-- Found Ogre Ghadamon (1.9.0)\n'}
[0.495659] (wave_gazebo) StdoutLine: {'line': b'-- Found OGRE: optimized;/usr/lib/x86_64-linux-gnu/libOgreMain.so;debug;/usr/lib/x86_64-linux-gnu/libOgreMain.so\n'}
[0.500979] (-) TimerEvent: {}
[0.504100] (wave_gazebo) StdoutLine: {'line': b'-- Looking for OGRE_Paging...\n'}
[0.504228] (wave_gazebo) StdoutLine: {'line': b'-- Found OGRE_Paging: optimized;/usr/lib/x86_64-linux-gnu/libOgrePaging.so;debug;/usr/lib/x86_64-linux-gnu/libOgrePaging.so\n'}
[0.504299] (wave_gazebo) StdoutLine: {'line': b'-- Looking for OGRE_Terrain...\n'}
[0.504350] (wave_gazebo) StdoutLine: {'line': b'-- Found OGRE_Terrain: optimized;/usr/lib/x86_64-linux-gnu/libOgreTerrain.so;debug;/usr/lib/x86_64-linux-gnu/libOgreTerrain.so\n'}
[0.504925] (wave_gazebo) StdoutLine: {'line': b'-- Looking for OGRE_Property...\n'}
[0.505055] (wave_gazebo) StdoutLine: {'line': b'-- Found OGRE_Property: optimized;/usr/lib/x86_64-linux-gnu/libOgreProperty.so;debug;/usr/lib/x86_64-linux-gnu/libOgreProperty.so\n'}
[0.505139] (wave_gazebo) StdoutLine: {'line': b'-- Looking for OGRE_RTShaderSystem...\n'}
[0.505220] (wave_gazebo) StdoutLine: {'line': b'-- Found OGRE_RTShaderSystem: optimized;/usr/lib/x86_64-linux-gnu/libOgreRTShaderSystem.so;debug;/usr/lib/x86_64-linux-gnu/libOgreRTShaderSystem.so\n'}
[0.505312] (wave_gazebo) StdoutLine: {'line': b'-- Looking for OGRE_Volume...\n'}
[0.505493] (wave_gazebo) StdoutLine: {'line': b'-- Found OGRE_Volume: optimized;/usr/lib/x86_64-linux-gnu/libOgreVolume.so;debug;/usr/lib/x86_64-linux-gnu/libOgreVolume.so\n'}
[0.505545] (wave_gazebo) StdoutLine: {'line': b'-- Looking for OGRE_Overlay...\n'}
[0.505629] (wave_gazebo) StdoutLine: {'line': b'-- Found OGRE_Overlay: optimized;/usr/lib/x86_64-linux-gnu/libOgreOverlay.so;debug;/usr/lib/x86_64-linux-gnu/libOgreOverlay.so\n'}
[0.587884] (wave_gazebo) StdoutLine: {'line': b'-- Looking for ignition-math6 -- found version 6.8.0\n'}
[0.588100] (wave_gazebo) StdoutLine: {'line': b'-- Looking for ignition-transport8 -- found version 8.2.0\n'}
[0.588552] (wave_gazebo) StdoutLine: {'line': b'-- Searching for dependencies of ignition-transport8\n'}
[0.602035] (-) TimerEvent: {}
[0.603590] (wave_gazebo) StdoutLine: {'line': b'-- Found Protobuf: /usr/lib/x86_64-linux-gnu/libprotobuf.so;-lpthread (found suitable version "3.6.1", minimum required is "3") \n'}
[0.613121] (wave_gazebo) StdoutLine: {'line': b'-- Config-file not installed for ZeroMQ -- checking for pkg-config\n'}
[0.616747] (wave_gazebo) StdoutLine: {'line': b"-- Checking for module 'libzmq >= 4'\n"}
[0.631972] (wave_gazebo) StdoutLine: {'line': b'--   Found libzmq , version 4.3.2\n'}
[0.663618] (wave_gazebo) StdoutLine: {'line': b"-- Checking for module 'uuid'\n"}
[0.673172] (wave_gazebo) StdoutLine: {'line': b'--   Found uuid, version 2.34.0\n'}
[0.701874] (wave_gazebo) StdoutLine: {'line': b'-- Looking for ignition-msgs5 -- found version 5.7.0\n'}
[0.702145] (-) TimerEvent: {}
[0.702888] (wave_gazebo) StdoutLine: {'line': b'-- Searching for dependencies of ignition-msgs5\n'}
[0.719335] (wave_gazebo) StdoutLine: {'line': b'-- Looking for ignition-math6 -- found version 6.8.0\n'}
[0.722830] (wave_gazebo) StdoutLine: {'line': b"-- Checking for module 'tinyxml2'\n"}
[0.734783] (wave_gazebo) StdoutLine: {'line': b'--   Found tinyxml2, version 6.2.0\n'}
[0.763634] (wave_gazebo) StdoutLine: {'line': b'-- Looking for ignition-msgs5 -- found version 5.7.0\n'}
[0.763840] (wave_gazebo) StdoutLine: {'line': b'-- Looking for ignition-common3 -- found version 3.11.1\n'}
[0.764466] (wave_gazebo) StdoutLine: {'line': b'-- Searching for dependencies of ignition-common3\n'}
[0.764544] (wave_gazebo) StdoutLine: {'line': b'-- Looking for dlfcn.h - found\n'}
[0.764592] (wave_gazebo) StdoutLine: {'line': b'-- Looking for libdl - found\n'}
[0.769709] (wave_gazebo) StdoutLine: {'line': b'-- Searching for <ignition-common3> component [graphics]\n'}
[0.769991] (wave_gazebo) StdoutLine: {'line': b'-- Looking for ignition-common3-graphics -- found version 3.11.1\n'}
[0.771359] (wave_gazebo) StdoutLine: {'line': b'-- Searching for dependencies of ignition-common3-graphics\n'}
[0.771465] (wave_gazebo) StdoutLine: {'line': b'-- Looking for ignition-math6 -- found version 6.8.0\n'}
[0.771858] (wave_gazebo) StdoutLine: {'line': b'-- Looking for ignition-fuel_tools4 -- found version 4.3.0\n'}
[0.771936] (wave_gazebo) StdoutLine: {'line': b'-- Searching for dependencies of ignition-fuel_tools4\n'}
[0.789804] (wave_gazebo) StdoutLine: {'line': b"-- Checking for module 'jsoncpp'\n"}
[0.799464] (wave_gazebo) StdoutLine: {'line': b'--   Found jsoncpp, version 1.7.4\n'}
[0.802589] (-) TimerEvent: {}
[0.826725] (wave_gazebo) StdoutLine: {'line': b"-- Checking for module 'libzip'\n"}
[0.836207] (wave_gazebo) StdoutLine: {'line': b'--   Found libzip, version 1.5.1\n'}
[0.859499] (wave_gazebo) StdoutLine: {'line': b'-- Looking for ignition-common3 -- found version 3.11.1\n'}
[0.859739] (wave_gazebo) StdoutLine: {'line': b'-- Looking for ignition-msgs5 -- found version 5.7.0\n'}
[0.860721] (wave_gazebo) StdoutLine: {'line': b'-- Gazebo version: 11.3\n'}
[0.865728] (wave_gazebo) StdoutLine: {'line': b'-- xacro: determining deps for: worlds/ocean.world.xacro ...\n'}
[0.903574] (-) TimerEvent: {}
[0.907937] (wave_gazebo) StdoutLine: {'line': b'-- xacro: determining deps for: worlds/ocean_buoys.world.xacro ...\n'}
[0.949930] (wave_gazebo) StdoutLine: {'line': b'-- xacro: determining deps for: worlds/ocean_wamv.world.xacro ...\n'}
[0.991828] (wave_gazebo) StdoutLine: {'line': b'-- Found ament_lint_auto: 0.9.6 (/opt/ros/foxy/share/ament_lint_auto/cmake)\n'}
[1.004241] (-) TimerEvent: {}
[1.022762] (wave_gazebo) StderrLine: {'line': b"Error parsing '/home/ruize/dev_ws/src/wave_gazebo/package.xml':\n"}
[1.099610] (wave_gazebo) StderrLine: {'line': b'Traceback (most recent call last):\n'}
[1.099795] (wave_gazebo) StderrLine: {'line': b'  File "/usr/lib/python3/dist-packages/catkin_pkg/package.py", line 596, in parse_package_string\n'}
[1.099845] (wave_gazebo) StderrLine: {'line': b'    root = dom.parseString(data)\n'}
[1.099889] (wave_gazebo) StderrLine: {'line': b'  File "/usr/lib/python3.8/xml/dom/minidom.py", line 1969, in parseString\n'}
[1.099941] (wave_gazebo) StderrLine: {'line': b'    return expatbuilder.parseString(string)\n'}
[1.099984] (wave_gazebo) StderrLine: {'line': b'  File "/usr/lib/python3.8/xml/dom/expatbuilder.py", line 925, in parseString\n'}
[1.100027] (wave_gazebo) StderrLine: {'line': b'    return builder.parseString(string)\n'}
[1.100111] (wave_gazebo) StderrLine: {'line': b'  File "/usr/lib/python3.8/xml/dom/expatbuilder.py", line 223, in parseString\n'}
[1.100156] (wave_gazebo) StderrLine: {'line': b'    parser.Parse(string, True)\n'}
[1.100200] (wave_gazebo) StderrLine: {'line': b'xml.parsers.expat.ExpatError: mismatched tag: line 17, column 31\n'}
[1.100242] (wave_gazebo) StderrLine: {'line': b'\n'}
[1.100286] (wave_gazebo) StderrLine: {'line': b'During handling of the above exception, another exception occurred:\n'}
[1.100328] (wave_gazebo) StderrLine: {'line': b'\n'}
[1.100370] (wave_gazebo) StderrLine: {'line': b'Traceback (most recent call last):\n'}
[1.100411] (wave_gazebo) StderrLine: {'line': b'  File "/opt/ros/foxy/share/ament_cmake_core/cmake/core/package_xml_2_cmake.py", line 143, in <module>\n'}
[1.100454] (wave_gazebo) StderrLine: {'line': b'    main()\n'}
[1.100496] (wave_gazebo) StderrLine: {'line': b'  File "/opt/ros/foxy/share/ament_cmake_core/cmake/core/package_xml_2_cmake.py", line 52, in main\n'}
[1.100543] (wave_gazebo) StderrLine: {'line': b'    raise e\n'}
[1.100618] (wave_gazebo) StderrLine: {'line': b'  File "/opt/ros/foxy/share/ament_cmake_core/cmake/core/package_xml_2_cmake.py", line 48, in main\n'}
[1.100665] (wave_gazebo) StderrLine: {'line': b'    package = parse_package_string(\n'}
[1.100714] (wave_gazebo) StderrLine: {'line': b'  File "/usr/lib/python3/dist-packages/catkin_pkg/package.py", line 598, in parse_package_string\n'}
[1.100759] (wave_gazebo) StderrLine: {'line': b"    raise InvalidPackage('The manifest contains invalid XML:\\n%s' % ex, filename)\n"}
[1.100803] (wave_gazebo) StderrLine: {'line': b"catkin_pkg.package.InvalidPackage: Error(s) in package '/home/ruize/dev_ws/src/wave_gazebo/package.xml':\n"}
[1.100848] (wave_gazebo) StderrLine: {'line': b'The manifest contains invalid XML:\n'}
[1.100893] (wave_gazebo) StderrLine: {'line': b'mismatched tag: line 17, column 31\n'}
[1.105186] (-) TimerEvent: {}
[1.113067] (wave_gazebo) StderrLine: {'line': b'CMake Error at /opt/ros/foxy/share/ament_cmake_core/cmake/core/ament_package_xml.cmake:94 (message):\n'}
[1.113233] (wave_gazebo) StderrLine: {'line': b'  execute_process(/usr/bin/python3\n'}
[1.113289] (wave_gazebo) StderrLine: {'line': b'  /opt/ros/foxy/share/ament_cmake_core/cmake/core/package_xml_2_cmake.py\n'}
[1.113333] (wave_gazebo) StderrLine: {'line': b'  /home/ruize/dev_ws/src/wave_gazebo/package.xml\n'}
[1.113376] (wave_gazebo) StderrLine: {'line': b'  /home/ruize/dev_ws/build/wave_gazebo/ament_cmake_core/package.cmake)\n'}
[1.113419] (wave_gazebo) StderrLine: {'line': b'  returned error code 1\n'}
[1.113460] (wave_gazebo) StderrLine: {'line': b'Call Stack (most recent call first):\n'}
[1.113568] (wave_gazebo) StderrLine: {'line': b'  /opt/ros/foxy/share/ament_cmake_core/cmake/core/ament_package_xml.cmake:49 (_ament_package_xml)\n'}
[1.113625] (wave_gazebo) StderrLine: {'line': b'  /opt/ros/foxy/share/ament_lint_auto/cmake/ament_lint_auto_find_test_dependencies.cmake:31 (ament_package_xml)\n'}
[1.113669] (wave_gazebo) StderrLine: {'line': b'  CMakeLists.txt:79 (ament_lint_auto_find_test_dependencies)\n'}
[1.113711] (wave_gazebo) StderrLine: {'line': b'\n'}
[1.113752] (wave_gazebo) StderrLine: {'line': b'\n'}
[1.114701] (wave_gazebo) StdoutLine: {'line': b'-- Configuring incomplete, errors occurred!\n'}
[1.114858] (wave_gazebo) StdoutLine: {'line': b'See also "/home/ruize/dev_ws/build/wave_gazebo/CMakeFiles/CMakeOutput.log".\n'}
[1.114907] (wave_gazebo) StdoutLine: {'line': b'See also "/home/ruize/dev_ws/build/wave_gazebo/CMakeFiles/CMakeError.log".\n'}
[1.120729] (wave_gazebo) StderrLine: {'line': b'make: *** [Makefile:250: cmake_check_build_system] Error 1\n'}
[1.122344] (wave_gazebo) CommandEnded: {'returncode': 2}
[1.122673] (wave_gazebo) JobEnded: {'identifier': 'wave_gazebo', 'rc': 2}
[1.133420] (-) EventReactorShutdown: {}
