[0.014s] Invoking command in '/home/ruize/dev_ws/build/wave_gazebo': CMAKE_PREFIX_PATH=/home/ruize/dev_ws/install/wave_gazebo_plugins:/home/ruize/dev_ws/install/wave_gazebo:/home/ruize/dev_ws/install/wamv_gazebo:/home/ruize/dev_ws/install/usv_gazebo_plugins:/home/ruize/dev_ws/install/wamv_description:/home/ruize/dev_ws/install/vrx_gazebo:/home/ruize/dev_ws/install/usv_msgs:/home/ruize/px4_ros_com_ros2/install/px4_ros_com:/home/ruize/px4_ros_com_ros2/install/px4_msgs LD_LIBRARY_PATH=/home/ruize/dev_ws/install/wave_gazebo_plugins/lib:/home/ruize/dev_ws/install/usv_gazebo_plugins/lib:/home/ruize/dev_ws/install/usv_msgs/lib:/home/ruize/px4_ros_com_ros2/install/px4_ros_com/lib:/home/ruize/px4_ros_com_ros2/install/px4_msgs/lib:/usr/lib/x86_64-linux-gnu/gazebo-11/plugins:/opt/ros/foxy/opt/yaml_cpp_vendor/lib:/opt/ros/foxy/opt/rviz_ogre_vendor/lib:/opt/ros/foxy/lib/x86_64-linux-gnu:/opt/ros/foxy/lib /usr/bin/cmake --build /home/ruize/dev_ws/build/wave_gazebo -- -j4 -l4
[0.050s] -- Found xacro: 2.0.4 (/opt/ros/foxy/share/xacro/cmake)
[0.054s] -- Found gazebo_ros: 3.5.0 (/opt/ros/foxy/share/gazebo_ros/cmake)
[0.078s] -- Using PYTHON_EXECUTABLE: /usr/bin/python3
[0.318s] -- Using all available rosidl_typesupport_c: rosidl_typesupport_fastrtps_c;rosidl_typesupport_introspection_c
[0.331s] -- Found rosidl_adapter: 1.2.0 (/opt/ros/foxy/share/rosidl_adapter/cmake)
[0.408s] -- Found OpenSSL: /usr/lib/x86_64-linux-gnu/libcrypto.so (found version "1.1.1f")  
[0.434s] -- Found FastRTPS: /opt/ros/foxy/include  
[0.517s] -- Using all available rosidl_typesupport_cpp: rosidl_typesupport_fastrtps_cpp;rosidl_typesupport_introspection_cpp
[0.586s] -- Found rmw_implementation_cmake: 1.0.2 (/opt/ros/foxy/share/rmw_implementation_cmake/cmake)
[0.588s] -- Using RMW implementation 'rmw_fastrtps_cpp' as default
[0.591s] -- Looking for pthread.h
[0.859s] -- Looking for pthread.h - found
[0.859s] -- Performing Test CMAKE_HAVE_LIBC_PTHREAD
[0.934s] -- Performing Test CMAKE_HAVE_LIBC_PTHREAD - Failed
[0.934s] -- Looking for pthread_create in pthreads
[0.998s] -- Looking for pthread_create in pthreads - not found
[0.998s] -- Looking for pthread_create in pthread
[1.070s] -- Looking for pthread_create in pthread - found
[1.070s] -- Found Threads: TRUE  
[1.239s] -- Found PkgConfig: /usr/bin/pkg-config (found version "0.29.1") 
[1.240s] -- Checking for module 'bullet>=2.82'
[1.253s] --   Found bullet, version 2.88
[1.348s] -- Found ccd: /usr/include (found suitable version "2.0", minimum required is "2.0") 
[1.386s] -- Found fcl: /usr/include (found suitable version "0.5.0", minimum required is "0.3.2") 
[1.422s] -- Found assimp: /usr/include (found version "5.0.0") 
[1.458s] -- Found DART: /usr/include (Required is at least version "6.6") found components: dart 
[1.486s] -- Found Boost: /usr/lib/x86_64-linux-gnu/cmake/Boost-1.71.0/BoostConfig.cmake (found suitable version "1.71.0", minimum required is "1.40.0") found components: thread system filesystem program_options regex iostreams date_time 
[1.509s] -- Found Protobuf: /usr/lib/x86_64-linux-gnu/libprotobuf.so;-lpthread (found version "3.6.1") 
[1.517s] -- Looking for ignition-math6 -- found version 6.8.0
[1.529s] -- Searching for dependencies of ignition-math6
[1.531s] -- Looking for OGRE...
[1.532s] -- OGRE_PREFIX_WATCH changed.
[1.536s] -- Checking for module 'OGRE'
[1.547s] --   Found OGRE, version 1.9.0
[1.572s] -- Found Ogre Ghadamon (1.9.0)
[1.579s] -- Found OGRE: optimized;/usr/lib/x86_64-linux-gnu/libOgreMain.so;debug;/usr/lib/x86_64-linux-gnu/libOgreMain.so
[1.587s] -- Looking for OGRE_Paging...
[1.592s] -- Found OGRE_Paging: optimized;/usr/lib/x86_64-linux-gnu/libOgrePaging.so;debug;/usr/lib/x86_64-linux-gnu/libOgrePaging.so
[1.592s] -- Looking for OGRE_Terrain...
[1.596s] -- Found OGRE_Terrain: optimized;/usr/lib/x86_64-linux-gnu/libOgreTerrain.so;debug;/usr/lib/x86_64-linux-gnu/libOgreTerrain.so
[1.596s] -- Looking for OGRE_Property...
[1.600s] -- Found OGRE_Property: optimized;/usr/lib/x86_64-linux-gnu/libOgreProperty.so;debug;/usr/lib/x86_64-linux-gnu/libOgreProperty.so
[1.600s] -- Looking for OGRE_RTShaderSystem...
[1.605s] -- Found OGRE_RTShaderSystem: optimized;/usr/lib/x86_64-linux-gnu/libOgreRTShaderSystem.so;debug;/usr/lib/x86_64-linux-gnu/libOgreRTShaderSystem.so
[1.605s] -- Looking for OGRE_Volume...
[1.609s] -- Found OGRE_Volume: optimized;/usr/lib/x86_64-linux-gnu/libOgreVolume.so;debug;/usr/lib/x86_64-linux-gnu/libOgreVolume.so
[1.609s] -- Looking for OGRE_Overlay...
[1.613s] -- Found OGRE_Overlay: optimized;/usr/lib/x86_64-linux-gnu/libOgreOverlay.so;debug;/usr/lib/x86_64-linux-gnu/libOgreOverlay.so
[1.701s] -- Looking for ignition-math6 -- found version 6.8.0
[1.707s] -- Looking for ignition-transport8 -- found version 8.2.0
[1.707s] -- Searching for dependencies of ignition-transport8
[1.722s] -- Found Protobuf: /usr/lib/x86_64-linux-gnu/libprotobuf.so;-lpthread (found suitable version "3.6.1", minimum required is "3") 
[1.732s] -- Config-file not installed for ZeroMQ -- checking for pkg-config
[1.735s] -- Checking for module 'libzmq >= 4'
[1.751s] --   Found libzmq , version 4.3.2
[1.776s] -- Found ZeroMQ: TRUE (Required is at least version "4") 
[1.781s] -- Checking for module 'uuid'
[1.790s] --   Found uuid, version 2.34.0
[1.814s] -- Found UUID: TRUE  
[1.817s] -- Looking for ignition-msgs5 -- found version 5.7.0
[1.818s] -- Searching for dependencies of ignition-msgs5
[1.833s] -- Looking for ignition-math6 -- found version 6.8.0
[1.836s] -- Checking for module 'tinyxml2'
[1.848s] --   Found tinyxml2, version 6.2.0
[1.875s] -- Looking for ignition-msgs5 -- found version 5.7.0
[1.881s] -- Looking for ignition-common3 -- found version 3.11.1
[1.881s] -- Searching for dependencies of ignition-common3
[1.882s] -- Looking for dlfcn.h - found
[1.883s] -- Looking for libdl - found
[1.884s] -- Found DL: TRUE  
[1.890s] -- Searching for <ignition-common3> component [graphics]
[1.893s] -- Looking for ignition-common3-graphics -- found version 3.11.1
[1.893s] -- Searching for dependencies of ignition-common3-graphics
[1.893s] -- Looking for ignition-math6 -- found version 6.8.0
[1.898s] -- Looking for ignition-fuel_tools4 -- found version 4.3.0
[1.899s] -- Searching for dependencies of ignition-fuel_tools4
[1.948s] -- Found CURL: /usr/lib/x86_64-linux-gnu/libcurl.so (found version "7.68.0")  
[1.956s] -- Checking for module 'jsoncpp'
[1.968s] --   Found jsoncpp, version 1.7.4
[1.993s] -- Found JSONCPP: TRUE  
[1.998s] -- Checking for module 'libzip'
[2.008s] --   Found libzip, version 1.5.1
[2.032s] -- Found ZIP: TRUE  
[2.034s] -- Looking for ignition-common3 -- found version 3.11.1
[2.034s] -- Looking for ignition-msgs5 -- found version 5.7.0
[2.037s] -- Gazebo version: 11.3
[2.042s] -- Found wave_gazebo_plugins: 1.3.0 (/home/ruize/dev_ws/install/wave_gazebo_plugins/share/wave_gazebo_plugins/cmake)
[2.054s] -- xacro: determining deps for: worlds/ocean.world.xacro ...
[2.098s] -- xacro: determining deps for: worlds/ocean_buoys.world.xacro ...
[2.141s] -- xacro: determining deps for: worlds/ocean_wamv.world.xacro ...
[2.190s] -- Found ament_lint_auto: 0.9.6 (/opt/ros/foxy/share/ament_lint_auto/cmake)
[2.231s] Error parsing '/home/ruize/dev_ws/src/wave_gazebo/package.xml':
[2.327s] Traceback (most recent call last):
[2.327s]   File "/usr/lib/python3/dist-packages/catkin_pkg/package.py", line 596, in parse_package_string
[2.327s]     root = dom.parseString(data)
[2.327s]   File "/usr/lib/python3.8/xml/dom/minidom.py", line 1969, in parseString
[2.327s]     return expatbuilder.parseString(string)
[2.327s]   File "/usr/lib/python3.8/xml/dom/expatbuilder.py", line 925, in parseString
[2.327s]     return builder.parseString(string)
[2.327s]   File "/usr/lib/python3.8/xml/dom/expatbuilder.py", line 223, in parseString
[2.328s]     parser.Parse(string, True)
[2.328s] xml.parsers.expat.ExpatError: mismatched tag: line 17, column 31
[2.328s] 
[2.328s] During handling of the above exception, another exception occurred:
[2.328s] 
[2.328s] Traceback (most recent call last):
[2.328s]   File "/opt/ros/foxy/share/ament_cmake_core/cmake/core/package_xml_2_cmake.py", line 143, in <module>
[2.328s]     main()
[2.328s]   File "/opt/ros/foxy/share/ament_cmake_core/cmake/core/package_xml_2_cmake.py", line 52, in main
[2.328s]     raise e
[2.328s]   File "/opt/ros/foxy/share/ament_cmake_core/cmake/core/package_xml_2_cmake.py", line 48, in main
[2.328s]     package = parse_package_string(
[2.328s]   File "/usr/lib/python3/dist-packages/catkin_pkg/package.py", line 598, in parse_package_string
[2.328s]     raise InvalidPackage('The manifest contains invalid XML:\n%s' % ex, filename)
[2.328s] catkin_pkg.package.InvalidPackage: Error(s) in package '/home/ruize/dev_ws/src/wave_gazebo/package.xml':
[2.328s] The manifest contains invalid XML:
[2.328s] mismatched tag: line 17, column 31
[2.342s] CMake Error at /opt/ros/foxy/share/ament_cmake_core/cmake/core/ament_package_xml.cmake:94 (message):
[2.342s]   execute_process(/usr/bin/python3
[2.342s]   /opt/ros/foxy/share/ament_cmake_core/cmake/core/package_xml_2_cmake.py
[2.342s]   /home/ruize/dev_ws/src/wave_gazebo/package.xml
[2.342s]   /home/ruize/dev_ws/build/wave_gazebo/ament_cmake_core/package.cmake)
[2.342s]   returned error code 1
[2.342s] Call Stack (most recent call first):
[2.342s]   /opt/ros/foxy/share/ament_cmake_core/cmake/core/ament_package_xml.cmake:49 (_ament_package_xml)
[2.342s]   /opt/ros/foxy/share/ament_lint_auto/cmake/ament_lint_auto_find_test_dependencies.cmake:31 (ament_package_xml)
[2.342s]   CMakeLists.txt:80 (ament_lint_auto_find_test_dependencies)
[2.342s] 
[2.342s] 
[2.344s] -- Configuring incomplete, errors occurred!
[2.344s] See also "/home/ruize/dev_ws/build/wave_gazebo/CMakeFiles/CMakeOutput.log".
[2.344s] See also "/home/ruize/dev_ws/build/wave_gazebo/CMakeFiles/CMakeError.log".
[2.350s] make: *** [Makefile:250: cmake_check_build_system] Error 1
[2.352s] Invoked command in '/home/ruize/dev_ws/build/wave_gazebo' returned '2': CMAKE_PREFIX_PATH=/home/ruize/dev_ws/install/wave_gazebo_plugins:/home/ruize/dev_ws/install/wave_gazebo:/home/ruize/dev_ws/install/wamv_gazebo:/home/ruize/dev_ws/install/usv_gazebo_plugins:/home/ruize/dev_ws/install/wamv_description:/home/ruize/dev_ws/install/vrx_gazebo:/home/ruize/dev_ws/install/usv_msgs:/home/ruize/px4_ros_com_ros2/install/px4_ros_com:/home/ruize/px4_ros_com_ros2/install/px4_msgs LD_LIBRARY_PATH=/home/ruize/dev_ws/install/wave_gazebo_plugins/lib:/home/ruize/dev_ws/install/usv_gazebo_plugins/lib:/home/ruize/dev_ws/install/usv_msgs/lib:/home/ruize/px4_ros_com_ros2/install/px4_ros_com/lib:/home/ruize/px4_ros_com_ros2/install/px4_msgs/lib:/usr/lib/x86_64-linux-gnu/gazebo-11/plugins:/opt/ros/foxy/opt/yaml_cpp_vendor/lib:/opt/ros/foxy/opt/rviz_ogre_vendor/lib:/opt/ros/foxy/lib/x86_64-linux-gnu:/opt/ros/foxy/lib /usr/bin/cmake --build /home/ruize/dev_ws/build/wave_gazebo -- -j4 -l4
